// Jest Snapshot v1, https://goo.gl/fbAQLP

exports[`LoginBox.vue has the expected html structure 1`] = `
<aside class="login-box">
  <ul class="login-box__UI-elements login-box__UI-elements--isInColumns">
    <!---->
    <!---->
    <!---->
  </ul>
</aside>
`;
