// Jest Snapshot v1, https://goo.gl/fbAQLP

exports[`BaseArticle.vue has the expected html structure 1`] = `
<article class="base-article base-article--hasArrow-dir">
  <h3 class="base-article__category">
    <transition-stub name="change-move" mode="out-in"><span>
            cat
          </span></transition-stub>
  </h3>
  <!---->
  <!---->
  <!---->
  <div class="base-article__action"><span class="slot-action">title</span></div>
</article>
`;
