// Jest Snapshot v1, https://goo.gl/fbAQLP

exports[`BaseIcon.vue has the expected html structure 1`] = `
<svg viewBox="0 0 24 24" class="base-icon base-icon--is-size base-icon--is-primary">
  <path d="icon"></path>
</svg>
`;
